// Jest Snapshot v1, https://goo.gl/fbAQLP

exports[`transform color shorthand 1`] = `
"
    was [myColor=#333666]test[/myColor]
    "
`;

exports[`transform context 1`] = `
"
    was <#333666>test</color>
    "
`;

exports[`transform invalid closing of tag 1`] = `
"
    was [myColor=red]test [bold]wd xad</color>[/bold][/myColor]
    "
`;

exports[`transform multiline 1`] = `
"
    [myColor=red][/myColor]
    title - text

    -a --abc - [bold]description[/bold]
    -a --abc - [bold]description[/bold]
    -a --abc - [bold]description[/bold]
    -a --abc - [bold]description[/bold]
    </color>
    "
`;

exports[`transform multiline 2 1`] = `
"[bold][underline]tedit[/underline][/bold]
    [myColor=yellow]1 | 	[/myColor][myMark=#ff00aa]$[/myMark]
    2 | 	[myColor=#FFF]test[/myColor] = [myColor=#E11584]function[/myColor]()
    3 | 		[myColor=#FFF]myTest[/myColor] = [myColor=#F9D71C]\\"hello world\\"[/myColor]
    4 | 		[myColor=#009dc4]print[/myColor]([myColor=#FFF]myTest[/myColor])
    5 | 	[myColor=#E11584]end function[/myColor]
    6 | 	
    7 | 	[myColor=#FFF]test[/myColor]
    8 | 
    "
`;

exports[`transform newline 1`] = `
"[bold]Title: [/bold]
   [bold]description[/bold]
       text: text
       text: text

   [myColor=red]bet (amount) (slotNumber)[/myColor]
       ex:  bet 100 7
       ex:  bet 100 0
       ex:  bet 100 00"
`;

exports[`transform simple 1`] = `
"
    was [myColor=red]test [myColor=blue][underline][bold]wd[/bold][/underline][/myColor] xad[/myColor]
    "
`;

exports[`transform style with value in quotes 1`] = `
"
    was [font=\\" my test  value\\"]test[/font]
    "
`;

exports[`transform style without value 1`] = `
"
    was test
    "
`;

exports[`transform tag with two attributes 1`] = `
"
    was [sprite=\\"0\\", \\"somename\\"][/sprite]test xad
    "
`;

exports[`transform two top level tags 1`] = `
"
    was [myColor=red]test[/myColor] [myColor=blue][bold]wd xad[/bold][/myColor]
    "
`;

exports[`transform two top level tags with inner styles 1`] = `
"
    was [myColor=red]te[underline]st[/underline][/myColor] [myColor=blue][bold]wd xad[/bold][/myColor]
    "
`;

exports[`transform unknown tags 1`] = `
"
    was [myColor=red]test <unknown>wd xad[/myColor]
    "
`;

exports[`transform without close tags 1`] = `
"
    was [myColor=red]test [myColor=blue][underline][bold]wd xad[/bold][/underline][/myColor][/myColor]
    "
`;
